************* Module main
C:  4: Line too long (88/80)
C: 21: Line too long (96/80)
W: 46: Found indentation with tabs instead of spaces
C: 99: Line too long (91/80)
W:108: Found indentation with tabs instead of spaces
W:109: Found indentation with tabs instead of spaces
C:  1: Missing docstring
W:  3: Wildcard import pygame.locals
C: 14: More than one statement on a single line
C: 16: Comma not followed by a space
SCREEN_SIZE = (800,600)
                  ^^
C: 19:Game: Missing docstring
C: 42:Game.__init__: Invalid name "highScoreNames" (should match [a-z_][a-z0-9_]{2,30}$)
C: 37:Game.__init__: Invalid name "numCalled" (should match [a-z_][a-z0-9_]{2,30}$)
C: 41:Game.__init__: Invalid name "highScores" (should match [a-z_][a-z0-9_]{2,30}$)
R: 19:Game: Too many instance attributes (18/7)
C: 28:Game.__init__: Comma not followed by a space
        self.font = pygame.font.Font(None,24)
                                         ^^
E: 36:Game.__init__: Too many positional arguments for function call
C: 47:Game.__init__: Comma not followed by a space
            self.highScores = ['0','0','0','0','0']
                                  ^^
C: 48:Game.__init__: Comma not followed by a space
            self.highScoreNames = ["OKW","KRW", "ON", "DL", "AAA"]
                                        ^^
C: 72:Game.Go: Invalid name "Go" (should match [a-z_][a-z0-9_]{2,30}$)
C: 72:Game.Go: Missing docstring
C: 82:Game.animate: Missing docstring
E: 88:Game.animate: Undefined variable 'clock_ticks_since_last_check'
E: 94:Game.animate: Undefined variable 'now'
W: 85:Game.animate: Unused variable 'clock_ticks_since_check'
C: 96:Game.update_scores: Missing docstring
C: 97:Game.update_scores.calculate_high_score: Missing docstring
E: 99:Game.update_scores.calculate_high_score: Instance of 'Game' has no 'score' member
E: 99:Game.update_scores.calculate_high_score: Instance of 'Game' has no 'score' member
E:105:Game.update_scores: Instance of 'Game' has no 'score' member
E:106:Game.update_scores: Instance of 'Game' has no 'score' member
E:111:Game.update_scores: Instance of 'Game' has no 'score' member
W: 93:Game.animate: Attribute 'frame' defined outside __init__
C:118: Invalid name "g" (should match (([A-Z_][A-Z0-9_]*)|(__.*__))$)
W:  3: Unused import K_F1 from wildcard import
W:  3: Unused import SCRAP_PPM from wildcard import
W:  3: Unused import K_F3 from wildcard import
W:  3: Unused import K_F4 from wildcard import
W:  3: Unused import K_F5 from wildcard import
W:  3: Unused import K_F6 from wildcard import
W:  3: Unused import K_F7 from wildcard import
W:  3: Unused import K_F8 from wildcard import
W:  3: Unused import K_F9 from wildcard import
W:  6: Unused import random
W:  3: Unused import K_RSHIFT from wildcard import
W:  3: Unused import K_F2 from wildcard import
W:  3: Unused import BLEND_RGBA_MAX from wildcard import
W:  3: Unused import KMOD_RALT from wildcard import
W:  3: Unused import KMOD_LALT from wildcard import
W:  3: Unused import KMOD_NONE from wildcard import
W:  3: Unused import K_AMPERSAND from wildcard import
W:  3: Unused import KMOD_LCTRL from wildcard import
W:  3: Unused import K_CLEAR from wildcard import
W:  3: Unused import K_KP_PLUS from wildcard import
W:  3: Unused import AUDIO_U16LSB from wildcard import
W:  3: Unused import K_KP_EQUALS from wildcard import
W:  3: Unused import AUDIO_U8 from wildcard import
W:  3: Unused import GL_BUFFER_SIZE from wildcard import
W:  3: Unused import SRCALPHA from wildcard import
W:  3: Unused import GL_STEREO from wildcard import
W:  3: Unused import K_INSERT from wildcard import
W:  3: Unused import GL_ACCUM_GREEN_SIZE from wildcard import
W:  3: Unused import OPENGLBLIT from wildcard import
W:  3: Unused import K_LSUPER from wildcard import
W:  3: Unused import BLEND_RGB_MAX from wildcard import
W:  3: Unused import HWACCEL from wildcard import
W: 10: Unused import enemy
W:  3: Unused import HAT_DOWN from wildcard import
W:  3: Unused import K_RALT from wildcard import
W:  3: Unused import K_KP_PERIOD from wildcard import
W:  3: Unused import K_LSHIFT from wildcard import
W:  3: Unused import JOYBALLMOTION from wildcard import
W:  3: Unused import K_LAST from wildcard import
W:  3: Unused import K_HASH from wildcard import
W:  3: Unused import K_DOWN from wildcard import
W:  3: Unused import JOYAXISMOTION from wildcard import
W:  3: Unused import K_RSUPER from wildcard import
W:  3: Unused import K_ASTERISK from wildcard import
W:  3: Unused import AUDIO_S8 from wildcard import
W:  3: Unused import SWSURFACE from wildcard import
W:  3: Unused import K_EXCLAIM from wildcard import
W:  3: Unused import K_HELP from wildcard import
W:  3: Unused import NOEVENT from wildcard import
W:  3: Unused import K_MENU from wildcard import
W:  3: Unused import K_UNDERSCORE from wildcard import
W:  3: Unused import FULLSCREEN from wildcard import
W:  3: Unused import K_COLON from wildcard import
W:  3: Unused import KMOD_LMETA from wildcard import
W:  3: Unused import GL_DOUBLEBUFFER from wildcard import
W:  3: Unused import HAT_LEFTDOWN from wildcard import
W:  3: Unused import K_LALT from wildcard import
W:  3: Unused import K_NUMLOCK from wildcard import
W:  3: Unused import K_RMETA from wildcard import
W:  3: Unused import K_SPACE from wildcard import
W:  3: Unused import AUDIO_S16 from wildcard import
W:  3: Unused import HWSURFACE from wildcard import
W:  3: Unused import K_QUESTION from wildcard import
W:  3: Unused import HAT_CENTERED from wildcard import
W:  3: Unused import GL_MULTISAMPLESAMPLES from wildcard import
W:  3: Unused import BLEND_RGBA_ADD from wildcard import
W:  3: Unused import MOUSEBUTTONUP from wildcard import
W:  3: Unused import GL_ACCUM_ALPHA_SIZE from wildcard import
W:  3: Unused import BLEND_MIN from wildcard import
W:  3: Unused import JOYBUTTONUP from wildcard import
W:  3: Unused import K_t from wildcard import
W:  3: Unused import USEREVENT from wildcard import
W:  3: Unused import BLEND_RGBA_MULT from wildcard import
W:  3: Unused import BIG_ENDIAN from wildcard import
W:  3: Unused import QUIT from wildcard import
W:  3: Unused import K_LMETA from wildcard import
W:  3: Unused import K_h from wildcard import
W:  3: Unused import K_i from wildcard import
W:  3: Unused import K_SLASH from wildcard import
W:  3: Unused import Rect from wildcard import
W:  3: Unused import SCRAP_BMP from wildcard import
W:  3: Unused import K_y from wildcard import
W:  3: Unused import K_x from wildcard import
W:  3: Unused import K_z from wildcard import
W:  3: Unused import K_o from wildcard import
W:  3: Unused import K_q from wildcard import
W:  3: Unused import K_p from wildcard import
W:  3: Unused import K_s from wildcard import
W:  3: Unused import K_r from wildcard import
W:  3: Unused import K_u from wildcard import
W:  3: Unused import K_w from wildcard import
W:  3: Unused import K_v from wildcard import
W: 10: Unused import player
W:  3: Unused import K_k from wildcard import
W:  3: Unused import K_j from wildcard import
W:  3: Unused import K_m from wildcard import
W:  3: Unused import K_l from wildcard import
W:  3: Unused import IYUV_OVERLAY from wildcard import
W: 10: Unused import chronos
W:  3: Unused import K_a from wildcard import
W:  3: Unused import K_c from wildcard import
W:  3: Unused import K_b from wildcard import
W:  3: Unused import K_e from wildcard import
W:  3: Unused import K_d from wildcard import
W:  3: Unused import K_g from wildcard import
W:  3: Unused import K_f from wildcard import
W:  3: Unused import BUTTON_X2 from wildcard import
W:  3: Unused import K_AT from wildcard import
W:  3: Unused import BUTTON_X1 from wildcard import
W:  3: Unused import YVYU_OVERLAY from wildcard import
W:  3: Unused import K_LESS from wildcard import
W:  3: Unused import KEYDOWN from wildcard import
W:  3: Unused import AUDIO_U16SYS from wildcard import
W:  3: Unused import ACTIVEEVENT from wildcard import
W:  3: Unused import K_9 from wildcard import
W:  3: Unused import K_8 from wildcard import
W:  3: Unused import K_1 from wildcard import
W:  3: Unused import RLEACCELOK from wildcard import
W:  3: Unused import K_3 from wildcard import
W:  3: Unused import K_2 from wildcard import
W:  3: Unused import K_5 from wildcard import
W:  3: Unused import K_4 from wildcard import
W:  3: Unused import K_7 from wildcard import
W:  3: Unused import K_6 from wildcard import
W:  2: Unused import sys
W:  3: Unused import YUY2_OVERLAY from wildcard import
W:  3: Unused import K_PLUS from wildcard import
W:  3: Unused import K_RIGHTPAREN from wildcard import
W:  3: Unused import MOUSEBUTTONDOWN from wildcard import
W:  3: Unused import NOFRAME from wildcard import
W:  3: Unused import SCRAP_TEXT from wildcard import
W:  3: Unused import JOYBUTTONDOWN from wildcard import
W:  3: Unused import K_RCTRL from wildcard import
W:  3: Unused import K_SYSREQ from wildcard import
W:  3: Unused import K_KP_MINUS from wildcard import
W:  3: Unused import K_PAUSE from wildcard import
W:  3: Unused import BLEND_MULT from wildcard import
W:  3: Unused import YV12_OVERLAY from wildcard import
W:  3: Unused import RLEACCEL from wildcard import
W:  3: Unused import BLEND_RGBA_MIN from wildcard import
W:  3: Unused import GL_GREEN_SIZE from wildcard import
W:  3: Unused import K_n from wildcard import
W:  3: Unused import HAT_LEFTUP from wildcard import
W:  3: Unused import KMOD_META from wildcard import
W:  3: Unused import TIMER_RESOLUTION from wildcard import
W:  3: Unused import HWPALETTE from wildcard import
W:  3: Unused import KMOD_CAPS from wildcard import
W:  3: Unused import K_RETURN from wildcard import
W:  3: Unused import SCRAP_CLIPBOARD from wildcard import
W:  3: Unused import AUDIO_U16 from wildcard import
W:  3: Unused import BLEND_RGB_MULT from wildcard import
W:  3: Unused import MOUSEMOTION from wildcard import
W:  3: Unused import K_HOME from wildcard import
W:  3: Unused import GL_ACCUM_RED_SIZE from wildcard import
W:  3: Unused import BLEND_RGB_MIN from wildcard import
W:  3: Unused import K_RIGHT from wildcard import
W:  3: Unused import GL_RED_SIZE from wildcard import
W:  3: Unused import HAT_RIGHT from wildcard import
W:  3: Unused import color from wildcard import
W:  3: Unused import K_GREATER from wildcard import
W:  3: Unused import K_FIRST from wildcard import
W:  9: Unused import settings
W:  3: Unused import K_LEFTBRACKET from wildcard import
W:  3: Unused import K_RIGHTBRACKET from wildcard import
W:  3: Unused import K_LEFTPAREN from wildcard import
W:  3: Unused import BLEND_RGBA_SUB from wildcard import
W:  3: Unused import K_KP_ENTER from wildcard import
W:  3: Unused import NUMEVENTS from wildcard import
W:  3: Unused import K_END from wildcard import
W:  3: Unused import K_UP from wildcard import
W:  3: Unused import GL_DEPTH_SIZE from wildcard import
W:  3: Unused import RESIZABLE from wildcard import
W:  3: Unused import OPENGL from wildcard import
W:  3: Unused import K_LCTRL from wildcard import
W:  3: Unused import K_BACKSLASH from wildcard import
W:  3: Unused import K_MINUS from wildcard import
W:  3: Unused import K_0 from wildcard import
W:  3: Unused import SYSWMEVENT from wildcard import
W:  3: Unused import KMOD_LSHIFT from wildcard import
W:  3: Unused import BLEND_ADD from wildcard import
W:  3: Unused import K_ESCAPE from wildcard import
W:  3: Unused import K_BACKSPACE from wildcard import
W:  3: Unused import JOYHATMOTION from wildcard import
W:  3: Unused import K_QUOTEDBL from wildcard import
W:  3: Unused import SRCCOLORKEY from wildcard import
W:  3: Unused import GL_SWAP_CONTROL from wildcard import
W:  3: Unused import KMOD_MODE from wildcard import
W:  3: Unused import ASYNCBLIT from wildcard import
W:  3: Unused import K_KP_DIVIDE from wildcard import
W:  3: Unused import K_LEFT from wildcard import
W:  3: Unused import SCRAP_SELECTION from wildcard import
W:  3: Unused import GL_ALPHA_SIZE from wildcard import
W:  3: Unused import K_EQUALS from wildcard import
W:  3: Unused import AUDIO_S16LSB from wildcard import
W:  3: Unused import K_SEMICOLON from wildcard import
W:  3: Unused import KMOD_ALT from wildcard import
W:  3: Unused import KMOD_RMETA from wildcard import
W:  3: Unused import HAT_RIGHTDOWN from wildcard import
W:  3: Unused import K_UNKNOWN from wildcard import
W:  3: Unused import KMOD_NUM from wildcard import
W:  3: Unused import BLEND_RGB_ADD from wildcard import
W:  3: Unused import GL_BLUE_SIZE from wildcard import
W:  3: Unused import GL_ACCELERATED_VISUAL from wildcard import
W:  3: Unused import K_EURO from wildcard import
W:  3: Unused import KMOD_CTRL from wildcard import
W:  3: Unused import K_PERIOD from wildcard import
W:  3: Unused import BLEND_SUB from wildcard import
W:  3: Unused import K_KP_MULTIPLY from wildcard import
W:  3: Unused import K_DELETE from wildcard import
W:  3: Unused import K_CARET from wildcard import
W:  3: Unused import LIL_ENDIAN from wildcard import
W:  3: Unused import KMOD_SHIFT from wildcard import
W:  3: Unused import KMOD_RSHIFT from wildcard import
W:  3: Unused import GL_MULTISAMPLEBUFFERS from wildcard import
W:  3: Unused import HAT_RIGHTUP from wildcard import
W: 10: Unused import bullet
W:  3: Unused import K_TAB from wildcard import
W:  3: Unused import GL_ACCUM_BLUE_SIZE from wildcard import
W:  3: Unused import K_MODE from wildcard import
W: 10: Unused import Boss1
W:  3: Unused import PREALLOC from wildcard import
W:  3: Unused import K_F12 from wildcard import
W:  3: Unused import K_F13 from wildcard import
W:  3: Unused import K_F10 from wildcard import
W:  3: Unused import K_F11 from wildcard import
W:  3: Unused import K_F14 from wildcard import
W:  3: Unused import K_F15 from wildcard import
W:  3: Unused import KEYUP from wildcard import
W:  3: Unused import UYVY_OVERLAY from wildcard import
W:  3: Unused import AUDIO_S16MSB from wildcard import
W:  3: Unused import K_COMMA from wildcard import
W:  3: Unused import KMOD_RCTRL from wildcard import
W:  3: Unused import GL_STENCIL_SIZE from wildcard import
W:  3: Unused import HAT_LEFT from wildcard import
W:  3: Unused import ANYFORMAT from wildcard import
W:  3: Unused import BLEND_RGB_SUB from wildcard import
W:  3: Unused import K_PAGEUP from wildcard import
W:  3: Unused import K_CAPSLOCK from wildcard import
W:  3: Unused import DOUBLEBUF from wildcard import
W:  3: Unused import K_PRINT from wildcard import
W:  3: Unused import SCRAP_PBM from wildcard import
W:  3: Unused import K_SCROLLOCK from wildcard import
W:  3: Unused import VIDEOEXPOSE from wildcard import
W:  3: Unused import K_DOLLAR from wildcard import
W:  3: Unused import K_PAGEDOWN from wildcard import
W:  3: Unused import VIDEORESIZE from wildcard import
W:  3: Unused import AUDIO_U16MSB from wildcard import
W:  3: Unused import K_BREAK from wildcard import
W:  3: Unused import K_POWER from wildcard import
W:  3: Unused import K_BACKQUOTE from wildcard import
W:  3: Unused import K_QUOTE from wildcard import
W: 11: Unused import FontSprite
W:  3: Unused import Color from wildcard import
W:  3: Unused import BLEND_MAX from wildcard import
W:  3: Unused import AUDIO_S16SYS from wildcard import
W:  3: Unused import HAT_UP from wildcard import
W:  3: Unused import K_KP8 from wildcard import
W:  3: Unused import K_KP9 from wildcard import
W:  3: Unused import K_KP4 from wildcard import
W:  3: Unused import K_KP5 from wildcard import
W:  3: Unused import K_KP6 from wildcard import
W:  3: Unused import K_KP7 from wildcard import
W:  3: Unused import K_KP0 from wildcard import
W:  3: Unused import K_KP1 from wildcard import
W:  3: Unused import K_KP2 from wildcard import
W:  3: Unused import K_KP3 from wildcard import


Report
======
84 statements analysed.

Raw metrics
-----------

+----------+-------+------+---------+-----------+
|type      |number |%     |previous |difference |
+==========+=======+======+=========+===========+
|code      |86     |86.00 |86       |=          |
+----------+-------+------+---------+-----------+
|docstring |0      |0.00  |0        |=          |
+----------+-------+------+---------+-----------+
|comment   |9      |9.00  |9        |=          |
+----------+-------+------+---------+-----------+
|empty     |5      |5.00  |5        |=          |
+----------+-------+------+---------+-----------+



Duplication
-----------

+-------------------------+------+---------+-----------+
|                         |now   |previous |difference |
+=========================+======+=========+===========+
|nb duplicated lines      |0     |0        |=          |
+-------------------------+------+---------+-----------+
|percent duplicated lines |0.000 |0.000    |=          |
+-------------------------+------+---------+-----------+



External dependencies
---------------------
::

    rabbyt (main)
    settings 
      \-Font (main)
      \-FontSprite (main)



Statistics by type
------------------

+---------+-------+-----------+-----------+------------+---------+
|type     |number |old number |difference |%documented |%badname |
+=========+=======+===========+===========+============+=========+
|module   |1      |1          |=          |0.00        |0.00     |
+---------+-------+-----------+-----------+------------+---------+
|class    |1      |1          |=          |0.00        |0.00     |
+---------+-------+-----------+-----------+------------+---------+
|method   |4      |4          |=          |25.00       |25.00    |
+---------+-------+-----------+-----------+------------+---------+
|function |1      |1          |=          |0.00        |0.00     |
+---------+-------+-----------+-----------+------------+---------+



Messages by category
--------------------

+-----------+-------+---------+-----------+
|type       |number |previous |difference |
+===========+=======+=========+===========+
|convention |19     |19       |=          |
+-----------+-------+---------+-----------+
|refactor   |1      |1        |=          |
+-----------+-------+---------+-----------+
|warning    |272    |272      |=          |
+-----------+-------+---------+-----------+
|error      |8      |8        |=          |
+-----------+-------+---------+-----------+



Messages
--------

+-----------+------------+
|message id |occurrences |
+===========+============+
|W0614      |257         |
+-----------+------------+
|W0611      |9           |
+-----------+------------+
|C0111      |6           |
+-----------+------------+
|E1101      |5           |
+-----------+------------+
|C0103      |5           |
+-----------+------------+
|C0324      |4           |
+-----------+------------+
|W0312      |3           |
+-----------+------------+
|C0301      |3           |
+-----------+------------+
|E0602      |2           |
+-----------+------------+
|W0612      |1           |
+-----------+------------+
|W0401      |1           |
+-----------+------------+
|W0201      |1           |
+-----------+------------+
|R0902      |1           |
+-----------+------------+
|E1121      |1           |
+-----------+------------+
|C0321      |1           |
+-----------+------------+



Global evaluation
-----------------
Your code has been rated at -29.52/10 (previous run: -29.52/10)

